Collecting fastapi
  Using cached fastapi-0.141.1-py3-none-any.whl.metadata (27 kB)
Collecting pydantic
  Using cached pydantic-2.13.5-py3-none-any.whl.metadata (110 kB)
Collecting numpy
  Using cached numpy-2.5.2-cp312-cp312-manylinux_2_27_x86_64.manylinux_2_28_x86_64.whl.metadata (6.6 kB)
Collecting scipy
  Using cached scipy-1.18.1-cp312-cp312-manylinux_2_27_x86_64.manylinux_2_28_x86_64.whl.metadata (62 kB)
Collecting pandas
  Using cached pandas-3.0.5-cp312-cp312-manylinux_2_24_x86_64.manylinux_2_28_x86_64.whl.metadata (79 kB)
Collecting duckdb
  Downloading duckdb-1.5.5-cp312-cp312-manylinux_2_26_x86_64.manylinux_2_28_x86_64.whl.metadata (4.2 kB)
Collecting pillow
  Using cached pillow-12.3.0-cp312-cp312-manylinux_2_27_x86_64.manylinux_2_28_x86_64.whl.metadata (9.1 kB)
Collecting rasterio
  Downloading rasterio-1.5.1-cp312-cp312-manylinux_2_28_x86_64.whl.metadata (8.6 kB)
Collecting pystac-client
  Downloading pystac_client-0.9.0-py3-none-any.whl.metadata (3.1 kB)
Collecting planetary-computer
  Downloading planetary_computer-1.0.0-py3-none-any.whl.metadata (7.4 kB)
Collecting shapely
  Downloading shapely-2.1.2-cp312-cp312-manylinux2014_x86_64.manylinux_2_17_x86_64.whl.metadata (6.8 kB)
Collecting pyproj
  Downloading pyproj-3.7.2-cp312-cp312-manylinux_2_28_x86_64.whl.metadata (31 kB)
Collecting scikit-learn
  Using cached scikit_learn-1.9.0-cp312-cp312-manylinux_2_27_x86_64.manylinux_2_28_x86_64.whl.metadata (11 kB)
Collecting uvicorn[standard]
  Using cached uvicorn-0.52.4-py3-none-any.whl.metadata (6.6 kB)
Collecting starlette>=0.46.0 (from fastapi)
  Using cached starlette-1.6.0-py3-none-any.whl.metadata (6.4 kB)
Collecting typing-extensions>=4.8.0 (from fastapi)
  Using cached typing_extensions-4.16.0-py3-none-any.whl.metadata (3.3 kB)
Collecting typing-inspection>=0.4.2 (from fastapi)
  Using cached typing_inspection-0.4.4-py3-none-any.whl.metadata (2.6 kB)
Collecting annotated-doc>=0.0.2 (from fastapi)
  Using cached annotated_doc-0.0.5-py3-none-any.whl.metadata (6.5 kB)
Collecting click>=7.0 (from uvicorn[standard])
  Using cached click-8.5.0-py3-none-any.whl.metadata (2.6 kB)
Collecting h11>=0.8 (from uvicorn[standard])
  Using cached h11-0.16.0-py3-none-any.whl.metadata (8.3 kB)
Collecting httptools>=0.8.0 (from uvicorn[standard])
  Using cached httptools-0.8.0-cp312-cp312-manylinux1_x86_64.manylinux_2_28_x86_64.manylinux_2_5_x86_64.whl.metadata (3.5 kB)
Collecting python-dotenv>=0.13 (from uvicorn[standard])
  Using cached python_dotenv-1.2.3-py3-none-any.whl.metadata (29 kB)
Collecting pyyaml>=5.1 (from uvicorn[standard])
  Using cached pyyaml-6.0.3-cp312-cp312-manylinux2014_x86_64.manylinux_2_17_x86_64.manylinux_2_28_x86_64.whl.metadata (2.4 kB)
Collecting uvloop>=0.15.1 (from uvicorn[standard])
  Using cached uvloop-0.22.1-cp312-cp312-manylinux2014_x86_64.manylinux_2_17_x86_64.manylinux_2_28_x86_64.whl.metadata (4.9 kB)
Collecting watchfiles>=0.20 (from uvicorn[standard])
  Using cached watchfiles-1.2.0-cp312-cp312-manylinux_2_17_x86_64.manylinux2014_x86_64.whl.metadata (4.9 kB)
Collecting websockets>=13.0 (from uvicorn[standard])
  Using cached websockets-17.1-cp312-cp312-manylinux1_x86_64.manylinux_2_28_x86_64.manylinux_2_5_x86_64.whl.metadata (6.3 kB)
Collecting annotated-types>=0.6.0 (from pydantic)
  Using cached annotated_types-0.8.0-py3-none-any.whl.metadata (15 kB)
Collecting pydantic-core==2.46.5 (from pydantic)
  Using cached pydantic_core-2.46.5-cp312-cp312-manylinux_2_17_x86_64.manylinux2014_x86_64.whl.metadata (6.6 kB)
Collecting python-dateutil>=2.8.2 (from pandas)
  Using cached python_dateutil-2.9.0.post0-py2.py3-none-any.whl.metadata (8.4 kB)
Collecting affine (from rasterio)
  Downloading affine-3.0.1-py3-none-any.whl.metadata (4.5 kB)
Collecting attrs (from rasterio)
  Using cached attrs-26.1.0-py3-none-any.whl.metadata (8.8 kB)
Collecting certifi (from rasterio)
  Using cached certifi-2026.7.22-py3-none-any.whl.metadata (2.5 kB)
Collecting pyparsing>=3.0 (from rasterio)
  Using cached pyparsing-3.3.2-py3-none-any.whl.metadata (5.8 kB)
Collecting requests>=2.28.2 (from pystac-client)
  Using cached requests-2.34.2-py3-none-any.whl.metadata (4.8 kB)
Collecting pystac>=1.10.0 (from pystac[validation]>=1.10.0->pystac-client)
  Downloading pystac-1.15.2-py3-none-any.whl.metadata (6.3 kB)
Collecting pytz>=2020.5 (from planetary-computer)
  Downloading pytz-2026.3.post1-py2.py3-none-any.whl.metadata (22 kB)
Collecting packaging (from planetary-computer)
  Using cached packaging-26.3-py3-none-any.whl.metadata (3.5 kB)
Collecting joblib>=1.4.0 (from scikit-learn)
  Using cached joblib-1.6.0-py3-none-any.whl.metadata (6.5 kB)
Collecting narwhals>=2.0.1 (from scikit-learn)
  Using cached narwhals-2.25.0-py3-none-any.whl.metadata (15 kB)
Collecting threadpoolctl>=3.5.0 (from scikit-learn)
  Using cached threadpoolctl-3.6.0-py3-none-any.whl.metadata (13 kB)
Collecting cloudpickle>=3.0 (from joblib>=1.4.0->scikit-learn)
  Using cached cloudpickle-3.1.2-py3-none-any.whl.metadata (7.1 kB)
Collecting pystac-core<2,>=1.15.0 (from pystac>=1.10.0->pystac[validation]>=1.10.0->pystac-client)
  Downloading pystac_core-1.15.2-py3-none-any.whl.metadata (1.3 kB)
Collecting pystac-ext-classification (from pystac>=1.10.0->pystac[validation]>=1.10.0->pystac-client)
  Downloading pystac_ext_classification-2.0.1-py3-none-any.whl.metadata (2.1 kB)
Collecting pystac-ext-datacube (from pystac>=1.10.0->pystac[validation]>=1.10.0->pystac-client)
  Downloading pystac_ext_datacube-2.2.1-py3-none-any.whl.metadata (1.8 kB)
Collecting pystac-ext-eo (from pystac>=1.10.0->pystac[validation]>=1.10.0->pystac-client)
  Downloading pystac_ext_eo-1.1.1-py3-none-any.whl.metadata (1.9 kB)
Collecting pystac-ext-file (from pystac>=1.10.0->pystac[validation]>=1.10.0->pystac-client)
  Downloading pystac_ext_file-2.1.1-py3-none-any.whl.metadata (1.8 kB)
Collecting pystac-ext-grid (from pystac>=1.10.0->pystac[validation]>=1.10.0->pystac-client)
  Downloading pystac_ext_grid-1.1.1-py3-none-any.whl.metadata (1.9 kB)
Collecting pystac-ext-item-assets (from pystac>=1.10.0->pystac[validation]>=1.10.0->pystac-client)
  Downloading pystac_ext_item_assets-1.0.1-py3-none-any.whl.metadata (1.9 kB)
Collecting pystac-ext-label (from pystac>=1.10.0->pystac[validation]>=1.10.0->pystac-client)
  Downloading pystac_ext_label-1.0.2-py3-none-any.whl.metadata (1.9 kB)
Collecting pystac-ext-mgrs (from pystac>=1.10.0->pystac[validation]>=1.10.0->pystac-client)
  Downloading pystac_ext_mgrs-1.0.1-py3-none-any.whl.metadata (1.8 kB)
Collecting pystac-ext-mlm (from pystac>=1.10.0->pystac[validation]>=1.10.0->pystac-client)
  Downloading pystac_ext_mlm-1.4.1-py3-none-any.whl.metadata (2.2 kB)
Collecting pystac-ext-pointcloud (from pystac>=1.10.0->pystac[validation]>=1.10.0->pystac-client)
  Downloading pystac_ext_pointcloud-1.0.1-py3-none-any.whl.metadata (1.8 kB)
Collecting pystac-ext-projection (from pystac>=1.10.0->pystac[validation]>=1.10.0->pystac-client)
  Downloading pystac_ext_projection-2.0.1-py3-none-any.whl.metadata (2.1 kB)
Collecting pystac-ext-raster (from pystac>=1.10.0->pystac[validation]>=1.10.0->pystac-client)
  Downloading pystac_ext_raster-1.1.1-py3-none-any.whl.metadata (1.9 kB)
Collecting pystac-ext-render (from pystac>=1.10.0->pystac[validation]>=1.10.0->pystac-client)
  Downloading pystac_ext_render-2.0.0-py3-none-any.whl.metadata (1.8 kB)
Collecting pystac-ext-sar (from pystac>=1.10.0->pystac[validation]>=1.10.0->pystac-client)
  Downloading pystac_ext_sar-1.0.1-py3-none-any.whl.metadata (1.8 kB)
Collecting pystac-ext-sat (from pystac>=1.10.0->pystac[validation]>=1.10.0->pystac-client)
  Downloading pystac_ext_sat-1.0.1-py3-none-any.whl.metadata (1.8 kB)
Collecting pystac-ext-scientific (from pystac>=1.10.0->pystac[validation]>=1.10.0->pystac-client)
  Downloading pystac_ext_scientific-1.0.1-py3-none-any.whl.metadata (1.8 kB)
Collecting pystac-ext-storage (from pystac>=1.10.0->pystac[validation]>=1.10.0->pystac-client)
  Downloading pystac_ext_storage-2.0.1-py3-none-any.whl.metadata (1.9 kB)
Collecting pystac-ext-table (from pystac>=1.10.0->pystac[validation]>=1.10.0->pystac-client)
  Downloading pystac_ext_table-1.2.1-py3-none-any.whl.metadata (1.8 kB)
Collecting pystac-ext-timestamps (from pystac>=1.10.0->pystac[validation]>=1.10.0->pystac-client)
  Downloading pystac_ext_timestamps-1.1.1-py3-none-any.whl.metadata (1.8 kB)
Collecting pystac-ext-version (from pystac>=1.10.0->pystac[validation]>=1.10.0->pystac-client)
  Downloading pystac_ext_version-1.2.1-py3-none-any.whl.metadata (1.9 kB)
Collecting pystac-ext-view (from pystac>=1.10.0->pystac[validation]>=1.10.0->pystac-client)
  Downloading pystac_ext_view-1.0.1-py3-none-any.whl.metadata (1.8 kB)
Collecting pystac-ext-xarray-assets (from pystac>=1.10.0->pystac[validation]>=1.10.0->pystac-client)
  Downloading pystac_ext_xarray_assets-1.0.1-py3-none-any.whl.metadata (1.9 kB)
Collecting jsonschema~=4.18 (from pystac[validation]>=1.10.0->pystac-client)
  Using cached jsonschema-4.26.0-py3-none-any.whl.metadata (7.6 kB)
Collecting jsonschema-specifications>=2023.03.6 (from jsonschema~=4.18->pystac[validation]>=1.10.0->pystac-client)
  Using cached jsonschema_specifications-2025.9.1-py3-none-any.whl.metadata (2.9 kB)
Collecting referencing>=0.28.4 (from jsonschema~=4.18->pystac[validation]>=1.10.0->pystac-client)
  Using cached referencing-0.37.0-py3-none-any.whl.metadata (2.8 kB)
Collecting rpds-py>=0.25.0 (from jsonschema~=4.18->pystac[validation]>=1.10.0->pystac-client)
  Using cached rpds_py-2026.6.3-cp312-cp312-manylinux_2_17_x86_64.manylinux2014_x86_64.whl.metadata (4.1 kB)
Collecting six>=1.5 (from python-dateutil>=2.8.2->pandas)
  Using cached six-1.17.0-py2.py3-none-any.whl.metadata (1.7 kB)
Collecting charset_normalizer<4,>=2 (from requests>=2.28.2->pystac-client)
  Using cached charset_normalizer-3.5.1-cp312-cp312-manylinux2014_x86_64.manylinux_2_17_x86_64.manylinux_2_28_x86_64.whl.metadata (45 kB)
Collecting idna<4,>=2.5 (from requests>=2.28.2->pystac-client)
  Using cached idna-3.19-py3-none-any.whl.metadata (9.2 kB)
Collecting urllib3<3,>=1.26 (from requests>=2.28.2->pystac-client)
  Using cached urllib3-2.7.0-py3-none-any.whl.metadata (6.9 kB)
Collecting anyio<5,>=3.6.2 (from starlette>=0.46.0->fastapi)
  Downloading anyio-4.15.0-py3-none-any.whl.metadata (4.7 kB)
Using cached fastapi-0.141.1-py3-none-any.whl (131 kB)
Using cached uvicorn-0.52.4-py3-none-any.whl (79 kB)
Using cached pydantic-2.13.5-py3-none-any.whl (472 kB)
Using cached pydantic_core-2.46.5-cp312-cp312-manylinux_2_17_x86_64.manylinux2014_x86_64.whl (2.1 MB)
Using cached numpy-2.5.2-cp312-cp312-manylinux_2_27_x86_64.manylinux_2_28_x86_64.whl (16.7 MB)
Using cached scipy-1.18.1-cp312-cp312-manylinux_2_27_x86_64.manylinux_2_28_x86_64.whl (35.3 MB)
Using cached pandas-3.0.5-cp312-cp312-manylinux_2_24_x86_64.manylinux_2_28_x86_64.whl (11.0 MB)
Downloading duckdb-1.5.5-cp312-cp312-manylinux_2_26_x86_64.manylinux_2_28_x86_64.whl (21.5 MB)
   ━━━━━━━━━━━━━━━━━━━━━━━━━━━━━━━━━━━━━━━━ 21.5/21.5 MB 896.0 kB/s  0:00:24
Using cached pillow-12.3.0-cp312-cp312-manylinux_2_27_x86_64.manylinux_2_28_x86_64.whl (6.9 MB)
Downloading rasterio-1.5.1-cp312-cp312-manylinux_2_28_x86_64.whl (38.4 MB)
   ━━━━━━━━━━━━━━━━━━━━━━━━━━━━━━━━━━━━━━━━ 38.4/38.4 MB 1.1 MB/s  0:00:34
Downloading pystac_client-0.9.0-py3-none-any.whl (41 kB)
Downloading planetary_computer-1.0.0-py3-none-any.whl (14 kB)
Downloading shapely-2.1.2-cp312-cp312-manylinux2014_x86_64.manylinux_2_17_x86_64.whl (3.1 MB)
   ━━━━━━━━━━━━━━━━━━━━━━━━━━━━━━━━━━━━━━━━ 3.1/3.1 MB 1.6 MB/s  0:00:01
Downloading pyproj-3.7.2-cp312-cp312-manylinux_2_28_x86_64.whl (9.6 MB)
   ━━━━━━━━━━━━━━━━━━━━━━━━━━━━━━━━━━━━━━━━ 9.6/9.6 MB 1.1 MB/s  0:00:08
Using cached scikit_learn-1.9.0-cp312-cp312-manylinux_2_27_x86_64.manylinux_2_28_x86_64.whl (9.1 MB)
Using cached annotated_doc-0.0.5-py3-none-any.whl (5.3 kB)
Using cached annotated_types-0.8.0-py3-none-any.whl (13 kB)
Using cached click-8.5.0-py3-none-any.whl (125 kB)
Using cached h11-0.16.0-py3-none-any.whl (37 kB)
Using cached httptools-0.8.0-cp312-cp312-manylinux1_x86_64.manylinux_2_28_x86_64.manylinux_2_5_x86_64.whl (523 kB)
Using cached joblib-1.6.0-py3-none-any.whl (306 kB)
Using cached cloudpickle-3.1.2-py3-none-any.whl (22 kB)
Using cached narwhals-2.25.0-py3-none-any.whl (467 kB)
Using cached pyparsing-3.3.2-py3-none-any.whl (122 kB)
Downloading pystac-1.15.2-py3-none-any.whl (5.7 kB)
Downloading pystac_core-1.15.2-py3-none-any.whl (117 kB)
Using cached jsonschema-4.26.0-py3-none-any.whl (90 kB)
Using cached attrs-26.1.0-py3-none-any.whl (67 kB)
Using cached jsonschema_specifications-2025.9.1-py3-none-any.whl (18 kB)
Using cached python_dateutil-2.9.0.post0-py2.py3-none-any.whl (229 kB)
Using cached python_dotenv-1.2.3-py3-none-any.whl (22 kB)
Downloading pytz-2026.3.post1-py2.py3-none-any.whl (508 kB)
Using cached pyyaml-6.0.3-cp312-cp312-manylinux2014_x86_64.manylinux_2_17_x86_64.manylinux_2_28_x86_64.whl (807 kB)
Using cached referencing-0.37.0-py3-none-any.whl (26 kB)
Using cached requests-2.34.2-py3-none-any.whl (73 kB)
Using cached charset_normalizer-3.5.1-cp312-cp312-manylinux2014_x86_64.manylinux_2_17_x86_64.manylinux_2_28_x86_64.whl (248 kB)
Using cached idna-3.19-py3-none-any.whl (68 kB)
Using cached urllib3-2.7.0-py3-none-any.whl (131 kB)
Using cached certifi-2026.7.22-py3-none-any.whl (136 kB)
Using cached rpds_py-2026.6.3-cp312-cp312-manylinux_2_17_x86_64.manylinux2014_x86_64.whl (366 kB)
Using cached six-1.17.0-py2.py3-none-any.whl (11 kB)
Using cached starlette-1.6.0-py3-none-any.whl (75 kB)
Downloading anyio-4.15.0-py3-none-any.whl (131 kB)
Using cached threadpoolctl-3.6.0-py3-none-any.whl (18 kB)
Using cached typing_extensions-4.16.0-py3-none-any.whl (45 kB)
Using cached typing_inspection-0.4.4-py3-none-any.whl (14 kB)
Using cached uvloop-0.22.1-cp312-cp312-manylinux2014_x86_64.manylinux_2_17_x86_64.manylinux_2_28_x86_64.whl (4.4 MB)
Using cached watchfiles-1.2.0-cp312-cp312-manylinux_2_17_x86_64.manylinux2014_x86_64.whl (456 kB)
Downloading websockets-17.1-cp312-cp312-manylinux1_x86_64.manylinux_2_28_x86_64.manylinux_2_5_x86_64.whl (224 kB)
Downloading affine-3.0.1-py3-none-any.whl (10 kB)
Using cached packaging-26.3-py3-none-any.whl (129 kB)
Downloading pystac_ext_classification-2.0.1-py3-none-any.whl (7.4 kB)
Downloading pystac_ext_datacube-2.2.1-py3-none-any.whl (7.1 kB)
Downloading pystac_ext_eo-1.1.1-py3-none-any.whl (7.7 kB)
Downloading pystac_ext_file-2.1.1-py3-none-any.whl (5.8 kB)
Downloading pystac_ext_grid-1.1.1-py3-none-any.whl (3.6 kB)
Downloading pystac_ext_item_assets-1.0.1-py3-none-any.whl (3.7 kB)
Downloading pystac_ext_label-1.0.2-py3-none-any.whl (8.2 kB)
Downloading pystac_ext_mgrs-1.0.1-py3-none-any.whl (4.1 kB)
Downloading pystac_ext_mlm-1.4.1-py3-none-any.whl (13 kB)
Downloading pystac_ext_pointcloud-1.0.1-py3-none-any.whl (6.5 kB)
Downloading pystac_ext_projection-2.0.1-py3-none-any.whl (7.4 kB)
Downloading pystac_ext_raster-1.1.1-py3-none-any.whl (6.8 kB)
Downloading pystac_ext_render-2.0.0-py3-none-any.whl (5.0 kB)
Downloading pystac_ext_sar-1.0.1-py3-none-any.whl (6.5 kB)
Downloading pystac_ext_sat-1.0.1-py3-none-any.whl (4.9 kB)
Downloading pystac_ext_scientific-1.0.1-py3-none-any.whl (5.5 kB)
Downloading pystac_ext_storage-2.0.1-py3-none-any.whl (7.6 kB)
Downloading pystac_ext_table-1.2.1-py3-none-any.whl (4.7 kB)
Downloading pystac_ext_timestamps-1.1.1-py3-none-any.whl (4.6 kB)
Downloading pystac_ext_version-1.2.1-py3-none-any.whl (5.8 kB)
Downloading pystac_ext_view-1.0.1-py3-none-any.whl (4.8 kB)
Downloading pystac_ext_xarray_assets-1.0.1-py3-none-any.whl (3.9 kB)
Installing collected packages: pytz, websockets, uvloop, urllib3, typing-extensions, threadpoolctl, six, rpds-py, pyyaml, python-dotenv, pyparsing, pillow, packaging, numpy, narwhals, idna, httptools, h11, duckdb, cloudpickle, click, charset_normalizer, certifi, attrs, annotated-types, annotated-doc, uvicorn, typing-inspection, shapely, scipy, requests, referencing, python-dateutil, pyproj, pydantic-core, joblib, anyio, affine, watchfiles, starlette, scikit-learn, rasterio, pystac-core, pydantic, pandas, jsonschema-specifications, pystac-ext-xarray-assets, pystac-ext-view, pystac-ext-version, pystac-ext-timestamps, pystac-ext-table, pystac-ext-storage, pystac-ext-scientific, pystac-ext-sat, pystac-ext-sar, pystac-ext-render, pystac-ext-raster, pystac-ext-projection, pystac-ext-pointcloud, pystac-ext-mgrs, pystac-ext-label, pystac-ext-item-assets, pystac-ext-grid, pystac-ext-file, pystac-ext-datacube, jsonschema, fastapi, pystac-ext-eo, pystac-ext-classification, pystac-ext-mlm, pystac, pystac-client, planetary-computer

Successfully installed affine-3.0.1 annotated-doc-0.0.5 annotated-types-0.8.0 anyio-4.15.0 attrs-26.1.0 certifi-2026.7.22 charset_normalizer-3.5.1 click-8.5.0 cloudpickle-3.1.2 duckdb-1.5.5 fastapi-0.141.1 h11-0.16.0 httptools-0.8.0 idna-3.19 joblib-1.6.0 jsonschema-4.26.0 jsonschema-specifications-2025.9.1 narwhals-2.25.0 numpy-2.5.2 packaging-26.3 pandas-3.0.5 pillow-12.3.0 planetary-computer-1.0.0 pydantic-2.13.5 pydantic-core-2.46.5 pyparsing-3.3.2 pyproj-3.7.2 pystac-1.15.2 pystac-client-0.9.0 pystac-core-1.15.2 pystac-ext-classification-2.0.1 pystac-ext-datacube-2.2.1 pystac-ext-eo-1.1.1 pystac-ext-file-2.1.1 pystac-ext-grid-1.1.1 pystac-ext-item-assets-1.0.1 pystac-ext-label-1.0.2 pystac-ext-mgrs-1.0.1 pystac-ext-mlm-1.4.1 pystac-ext-pointcloud-1.0.1 pystac-ext-projection-2.0.1 pystac-ext-raster-1.1.1 pystac-ext-render-2.0.0 pystac-ext-sar-1.0.1 pystac-ext-sat-1.0.1 pystac-ext-scientific-1.0.1 pystac-ext-storage-2.0.1 pystac-ext-table-1.2.1 pystac-ext-timestamps-1.1.1 pystac-ext-version-1.2.1 pystac-ext-view-1.0.1 pystac-ext-xarray-assets-1.0.1 python-dateutil-2.9.0.post0 python-dotenv-1.2.3 pytz-2026.3.post1 pyyaml-6.0.3 rasterio-1.5.1 referencing-0.37.0 requests-2.34.2 rpds-py-2026.6.3 scikit-learn-1.9.0 scipy-1.18.1 shapely-2.1.2 six-1.17.0 starlette-1.6.0 threadpoolctl-3.6.0 typing-extensions-4.16.0 typing-inspection-0.4.4 urllib3-2.7.0 uvicorn-0.52.4 uvloop-0.22.1 watchfiles-1.2.0 websockets-17.1
